{
  "name": "Andy",
  "pin": "[pin]",
  "social_accounts": [
    {
      "platform": "Twitter",
      "username": "andy12345",
      "password": "[password]"
    }
  ]
}